Archive member included to satisfy reference by file (symbol)

/Applications/STM32CubeIDE.app/Contents/Eclipse/plugins/com.st.stm32cube.ide.mcu.externaltools.gnu-tools-for-stm32.10.3-2021.10.macos64_1.0.0.202111181127/tools/bin/../lib/gcc/arm-none-eabi/10.3.1/../../../../arm-none-eabi/lib/thumb/v7e-m+fp/hard/libc_nano.a(lib_a-errno.o)
                              ./Core/Src/syscalls.o (__errno)
/Applications/STM32CubeIDE.app/Contents/Eclipse/plugins/com.st.stm32cube.ide.mcu.externaltools.gnu-tools-for-stm32.10.3-2021.10.macos64_1.0.0.202111181127/tools/bin/../lib/gcc/arm-none-eabi/10.3.1/../../../../arm-none-eabi/lib/thumb/v7e-m+fp/hard/libc_nano.a(lib_a-exit.o)
                              /Applications/STM32CubeIDE.app/Contents/Eclipse/plugins/com.st.stm32cube.ide.mcu.externaltools.gnu-tools-for-stm32.10.3-2021.10.macos64_1.0.0.202111181127/tools/bin/../lib/gcc/arm-none-eabi/10.3.1/../../../../arm-none-eabi/lib/thumb/v7e-m+fp/hard/crt0.o (exit)
/Applications/STM32CubeIDE.app/Contents/Eclipse/plugins/com.st.stm32cube.ide.mcu.externaltools.gnu-tools-for-stm32.10.3-2021.10.macos64_1.0.0.202111181127/tools/bin/../lib/gcc/arm-none-eabi/10.3.1/../../../../arm-none-eabi/lib/thumb/v7e-m+fp/hard/libc_nano.a(lib_a-impure.o)
                              /Applications/STM32CubeIDE.app/Contents/Eclipse/plugins/com.st.stm32cube.ide.mcu.externaltools.gnu-tools-for-stm32.10.3-2021.10.macos64_1.0.0.202111181127/tools/bin/../lib/gcc/arm-none-eabi/10.3.1/../../../../arm-none-eabi/lib/thumb/v7e-m+fp/hard/libc_nano.a(lib_a-exit.o) (_global_impure_ptr)
/Applications/STM32CubeIDE.app/Contents/Eclipse/plugins/com.st.stm32cube.ide.mcu.externaltools.gnu-tools-for-stm32.10.3-2021.10.macos64_1.0.0.202111181127/tools/bin/../lib/gcc/arm-none-eabi/10.3.1/../../../../arm-none-eabi/lib/thumb/v7e-m+fp/hard/libc_nano.a(lib_a-init.o)
                              /Applications/STM32CubeIDE.app/Contents/Eclipse/plugins/com.st.stm32cube.ide.mcu.externaltools.gnu-tools-for-stm32.10.3-2021.10.macos64_1.0.0.202111181127/tools/bin/../lib/gcc/arm-none-eabi/10.3.1/../../../../arm-none-eabi/lib/thumb/v7e-m+fp/hard/crt0.o (__libc_init_array)
/Applications/STM32CubeIDE.app/Contents/Eclipse/plugins/com.st.stm32cube.ide.mcu.externaltools.gnu-tools-for-stm32.10.3-2021.10.macos64_1.0.0.202111181127/tools/bin/../lib/gcc/arm-none-eabi/10.3.1/../../../../arm-none-eabi/lib/thumb/v7e-m+fp/hard/libc_nano.a(lib_a-memset.o)
                              /Applications/STM32CubeIDE.app/Contents/Eclipse/plugins/com.st.stm32cube.ide.mcu.externaltools.gnu-tools-for-stm32.10.3-2021.10.macos64_1.0.0.202111181127/tools/bin/../lib/gcc/arm-none-eabi/10.3.1/../../../../arm-none-eabi/lib/thumb/v7e-m+fp/hard/crt0.o (memset)
/Applications/STM32CubeIDE.app/Contents/Eclipse/plugins/com.st.stm32cube.ide.mcu.externaltools.gnu-tools-for-stm32.10.3-2021.10.macos64_1.0.0.202111181127/tools/bin/../lib/gcc/arm-none-eabi/10.3.1/thumb/v7e-m+fp/hard/libgcc.a(_aeabi_uldivmod.o)
                              ./Drivers/STM32F4xx_HAL_Driver/Src/stm32f4xx_hal_rcc.o (__aeabi_uldivmod)
/Applications/STM32CubeIDE.app/Contents/Eclipse/plugins/com.st.stm32cube.ide.mcu.externaltools.gnu-tools-for-stm32.10.3-2021.10.macos64_1.0.0.202111181127/tools/bin/../lib/gcc/arm-none-eabi/10.3.1/thumb/v7e-m+fp/hard/libgcc.a(_udivmoddi4.o)
                              /Applications/STM32CubeIDE.app/Contents/Eclipse/plugins/com.st.stm32cube.ide.mcu.externaltools.gnu-tools-for-stm32.10.3-2021.10.macos64_1.0.0.202111181127/tools/bin/../lib/gcc/arm-none-eabi/10.3.1/thumb/v7e-m+fp/hard/libgcc.a(_aeabi_uldivmod.o) (__udivmoddi4)
/Applications/STM32CubeIDE.app/Contents/Eclipse/plugins/com.st.stm32cube.ide.mcu.externaltools.gnu-tools-for-stm32.10.3-2021.10.macos64_1.0.0.202111181127/tools/bin/../lib/gcc/arm-none-eabi/10.3.1/thumb/v7e-m+fp/hard/libgcc.a(_dvmd_tls.o)
                              /Applications/STM32CubeIDE.app/Contents/Eclipse/plugins/com.st.stm32cube.ide.mcu.externaltools.gnu-tools-for-stm32.10.3-2021.10.macos64_1.0.0.202111181127/tools/bin/../lib/gcc/arm-none-eabi/10.3.1/thumb/v7e-m+fp/hard/libgcc.a(_aeabi_uldivmod.o) (__aeabi_ldiv0)

Discarded input sections

 .text          0x0000000000000000        0x0 /Applications/STM32CubeIDE.app/Contents/Eclipse/plugins/com.st.stm32cube.ide.mcu.externaltools.gnu-tools-for-stm32.10.3-2021.10.macos64_1.0.0.202111181127/tools/bin/../lib/gcc/arm-none-eabi/10.3.1/thumb/v7e-m+fp/hard/crti.o
 .data          0x0000000000000000        0x0 /Applications/STM32CubeIDE.app/Contents/Eclipse/plugins/com.st.stm32cube.ide.mcu.externaltools.gnu-tools-for-stm32.10.3-2021.10.macos64_1.0.0.202111181127/tools/bin/../lib/gcc/arm-none-eabi/10.3.1/thumb/v7e-m+fp/hard/crti.o
 .bss           0x0000000000000000        0x0 /Applications/STM32CubeIDE.app/Contents/Eclipse/plugins/com.st.stm32cube.ide.mcu.externaltools.gnu-tools-for-stm32.10.3-2021.10.macos64_1.0.0.202111181127/tools/bin/../lib/gcc/arm-none-eabi/10.3.1/thumb/v7e-m+fp/hard/crti.o
[...]
Memory Configuration

Name             Origin             Length             Attributes
CCMRAM           0x0000000010000000 0x0000000000010000 xrw
RAM              0x0000000020000000 0x0000000000030000 xrw
FLASH            0x0000000008000000 0x0000000000200000 xr
*default*        0x0000000000000000 0xffffffffffffffff

Linker script and memory map

LOAD /Applications/STM32CubeIDE.app/Contents/Eclipse/plugins/com.st.stm32cube.ide.mcu.externaltools.gnu-tools-for-stm32.10.3-2021.10.macos64_1.0.0.202111181127/tools/bin/../lib/gcc/arm-none-eabi/10.3.1/thumb/v7e-m+fp/hard/crti.o
LOAD /Applications/STM32CubeIDE.app/Contents/Eclipse/plugins/com.st.stm32cube.ide.mcu.externaltools.gnu-tools-for-stm32.10.3-2021.10.macos64_1.0.0.202111181127/tools/bin/../lib/gcc/arm-none-eabi/10.3.1/thumb/v7e-m+fp/hard/crtbegin.o
LOAD /Applications/STM32CubeIDE.app/Contents/Eclipse/plugins/com.st.stm32cube.ide.mcu.externaltools.gnu-tools-for-stm32.10.3-2021.10.macos64_1.0.0.202111181127/tools/bin/../lib/gcc/arm-none-eabi/10.3.1/../../../../arm-none-eabi/lib/thumb/v7e-m+fp/hard/crt0.o
LOAD ./Core/Src/filter.o
LOAD ./Core/Src/main.o
LOAD ./Core/Src/stm32f4xx_hal_msp.o
LOAD ./Core/Src/stm32f4xx_it.o
LOAD ./Core/Src/syscalls.o
LOAD ./Core/Src/sysmem.o
LOAD ./Core/Src/system_stm32f4xx.o
LOAD ./Core/Startup/startup_stm32f439zitx.o
LOAD ./Drivers/STM32F4xx_HAL_Driver/Src/stm32f4xx_hal.o
LOAD ./Drivers/STM32F4xx_HAL_Driver/Src/stm32f4xx_hal_cortex.o
LOAD ./Drivers/STM32F4xx_HAL_Driver/Src/stm32f4xx_hal_dma.o
LOAD ./Drivers/STM32F4xx_HAL_Driver/Src/stm32f4xx_hal_dma_ex.o
LOAD ./Drivers/STM32F4xx_HAL_Driver/Src/stm32f4xx_hal_exti.o
LOAD ./Drivers/STM32F4xx_HAL_Driver/Src/stm32f4xx_hal_flash.o
LOAD ./Drivers/STM32F4xx_HAL_Driver/Src/stm32f4xx_hal_flash_ex.o
LOAD ./Drivers/STM32F4xx_HAL_Driver/Src/stm32f4xx_hal_flash_ramfunc.o
LOAD ./Drivers/STM32F4xx_HAL_Driver/Src/stm32f4xx_hal_gpio.o
LOAD ./Drivers/STM32F4xx_HAL_Driver/Src/stm32f4xx_hal_i2s.o
LOAD ./Drivers/STM32F4xx_HAL_Driver/Src/stm32f4xx_hal_i2s_ex.o
LOAD ./Drivers/STM32F4xx_HAL_Driver/Src/stm32f4xx_hal_pwr.o
LOAD ./Drivers/STM32F4xx_HAL_Driver/Src/stm32f4xx_hal_pwr_ex.o
LOAD ./Drivers/STM32F4xx_HAL_Driver/Src/stm32f4xx_hal_rcc.o
LOAD ./Drivers/STM32F4xx_HAL_Driver/Src/stm32f4xx_hal_rcc_ex.o
LOAD ./Drivers/STM32F4xx_HAL_Driver/Src/stm32f4xx_hal_tim.o
LOAD ./Drivers/STM32F4xx_HAL_Driver/Src/stm32f4xx_hal_tim_ex.o
START GROUP
LOAD /Applications/STM32CubeIDE.app/Contents/Eclipse/plugins/com.st.stm32cube.ide.mcu.externaltools.gnu-tools-for-stm32.10.3-2021.10.macos64_1.0.0.202111181127/tools/bin/../lib/gcc/arm-none-eabi/10.3.1/../../../../arm-none-eabi/lib/thumb/v7e-m+fp/hard/libc_nano.a
LOAD /Applications/STM32CubeIDE.app/Contents/Eclipse/plugins/com.st.stm32cube.ide.mcu.externaltools.gnu-tools-for-stm32.10.3-2021.10.macos64_1.0.0.202111181127/tools/bin/../lib/gcc/arm-none-eabi/10.3.1/../../../../arm-none-eabi/lib/thumb/v7e-m+fp/hard/libm.a
END GROUP
START GROUP
LOAD /Applications/STM32CubeIDE.app/Contents/Eclipse/plugins/com.st.stm32cube.ide.mcu.externaltools.gnu-tools-for-stm32.10.3-2021.10.macos64_1.0.0.202111181127/tools/bin/../lib/gcc/arm-none-eabi/10.3.1/thumb/v7e-m+fp/hard/libgcc.a
LOAD /Applications/STM32CubeIDE.app/Contents/Eclipse/plugins/com.st.stm32cube.ide.mcu.externaltools.gnu-tools-for-stm32.10.3-2021.10.macos64_1.0.0.202111181127/tools/bin/../lib/gcc/arm-none-eabi/10.3.1/../../../../arm-none-eabi/lib/thumb/v7e-m+fp/hard/libc_nano.a
END GROUP
START GROUP
LOAD /Applications/STM32CubeIDE.app/Contents/Eclipse/plugins/com.st.stm32cube.ide.mcu.externaltools.gnu-tools-for-stm32.10.3-2021.10.macos64_1.0.0.202111181127/tools/bin/../lib/gcc/arm-none-eabi/10.3.1/thumb/v7e-m+fp/hard/libgcc.a
LOAD /Applications/STM32CubeIDE.app/Contents/Eclipse/plugins/com.st.stm32cube.ide.mcu.externaltools.gnu-tools-for-stm32.10.3-2021.10.macos64_1.0.0.202111181127/tools/bin/../lib/gcc/arm-none-eabi/10.3.1/../../../../arm-none-eabi/lib/thumb/v7e-m+fp/hard/libc_nano.a
LOAD /Applications/STM32CubeIDE.app/Contents/Eclipse/plugins/com.st.stm32cube.ide.mcu.externaltools.gnu-tools-for-stm32.10.3-2021.10.macos64_1.0.0.202111181127/tools/bin/../lib/gcc/arm-none-eabi/10.3.1/../../../../arm-none-eabi/lib/thumb/v7e-m+fp/hard/libnosys.a
END GROUP
START GROUP
LOAD /Applications/STM32CubeIDE.app/Contents/Eclipse/plugins/com.st.stm32cube.ide.mcu.externaltools.gnu-tools-for-stm32.10.3-2021.10.macos64_1.0.0.202111181127/tools/bin/../lib/gcc/arm-none-eabi/10.3.1/thumb/v7e-m+fp/hard/libgcc.a
LOAD /Applications/STM32CubeIDE.app/Contents/Eclipse/plugins/com.st.stm32cube.ide.mcu.externaltools.gnu-tools-for-stm32.10.3-2021.10.macos64_1.0.0.202111181127/tools/bin/../lib/gcc/arm-none-eabi/10.3.1/../../../../arm-none-eabi/lib/thumb/v7e-m+fp/hard/libc_nano.a
LOAD /Applications/STM32CubeIDE.app/Contents/Eclipse/plugins/com.st.stm32cube.ide.mcu.externaltools.gnu-tools-for-stm32.10.3-2021.10.macos64_1.0.0.202111181127/tools/bin/../lib/gcc/arm-none-eabi/10.3.1/../../../../arm-none-eabi/lib/thumb/v7e-m+fp/hard/libnosys.a
END GROUP
LOAD /Applications/STM32CubeIDE.app/Contents/Eclipse/plugins/com.st.stm32cube.ide.mcu.externaltools.gnu-tools-for-stm32.10.3-2021.10.macos64_1.0.0.202111181127/tools/bin/../lib/gcc/arm-none-eabi/10.3.1/thumb/v7e-m+fp/hard/crtend.o
LOAD /Applications/STM32CubeIDE.app/Contents/Eclipse/plugins/com.st.stm32cube.ide.mcu.externaltools.gnu-tools-for-stm32.10.3-2021.10.macos64_1.0.0.202111181127/tools/bin/../lib/gcc/arm-none-eabi/10.3.1/thumb/v7e-m+fp/hard/crtn.o
                0x0000000020030000                _estack = (ORIGIN (RAM) + LENGTH (RAM))
                0x0000000000000200                _Min_Heap_Size = 0x200
                0x0000000000000400                _Min_Stack_Size = 0x400

.isr_vector     0x0000000008000000      0x1ac
                0x0000000008000000                . = ALIGN (0x4)
 *(.isr_vector)
 .isr_vector    0x0000000008000000      0x1ac ./Core/Startup/startup_stm32f439zitx.o
                0x0000000008000000                g_pfnVectors
                0x00000000080001ac                . = ALIGN (0x4)

.text           0x00000000080001ac     0x34d0
                0x00000000080001ac                . = ALIGN (0x4)
 *(.text)
 .text          0x00000000080001ac       0x40 /Applications/STM32CubeIDE.app/Contents/Eclipse/plugins/com.st.stm32cube.ide.mcu.externaltools.gnu-tools-for-stm32.10.3-2021.10.macos64_1.0.0.202111181127/tools/bin/../lib/gcc/arm-none-eabi/10.3.1/thumb/v7e-m+fp/hard/crtbegin.o
 .text          0x00000000080001ec       0x30 /Applications/STM32CubeIDE.app/Contents/Eclipse/plugins/com.st.stm32cube.ide.mcu.externaltools.gnu-tools-for-stm32.10.3-2021.10.macos64_1.0.0.202111181127/tools/bin/../lib/gcc/arm-none-eabi/10.3.1/thumb/v7e-m+fp/hard/libgcc.a(_aeabi_uldivmod.o)
                0x00000000080001ec                __aeabi_uldivmod
 .text          0x000000000800021c      0x2d0 /Applications/STM32CubeIDE.app/Contents/Eclipse/plugins/com.st.stm32cube.ide.mcu.externaltools.gnu-tools-for-stm32.10.3-2021.10.macos64_1.0.0.202111181127/tools/bin/../lib/gcc/arm-none-eabi/10.3.1/thumb/v7e-m+fp/hard/libgcc.a(_udivmoddi4.o)
                0x000000000800021c                __udivmoddi4
 .text          0x00000000080004ec        0x4 /Applications/STM32CubeIDE.app/Contents/Eclipse/plugins/com.st.stm32cube.ide.mcu.externaltools.gnu-tools-for-stm32.10.3-2021.10.macos64_1.0.0.202111181127/tools/bin/../lib/gcc/arm-none-eabi/10.3.1/thumb/v7e-m+fp/hard/libgcc.a(_dvmd_tls.o)
                0x00000000080004ec                __aeabi_ldiv0
                0x00000000080004ec                __aeabi_idiv0
 *(.text*)
 .text.main     0x00000000080004f0       0x34 ./Core/Src/main.o
                0x00000000080004f0                main
 .text.SystemClock_Config
                0x0000000008000524       0xe0 ./Core/Src/main.o
                0x0000000008000524                SystemClock_Config
 .text.MX_I2S2_Init
                0x0000000008000604       0x5c ./Core/Src/main.o
 .text.MX_DMA_Init
                0x0000000008000660       0x50 ./Core/Src/main.o
 .text.MX_GPIO_Init
                0x00000000080006b0      0x244 ./Core/Src/main.o
 .text.HAL_I2SEx_TxRxHalfCpltCallback
                0x00000000080008f4       0x88 ./Core/Src/main.o
                0x00000000080008f4                HAL_I2SEx_TxRxHalfCpltCallback
 .text.HAL_I2SEx_TxRxCpltCallback
                0x000000000800097c       0x88 ./Core/Src/main.o
                0x000000000800097c                HAL_I2SEx_TxRxCpltCallback
 .text.calc_iir
                0x0000000008000a04       0x9a ./Core/Src/main.o
                0x0000000008000a04                calc_iir
 .text.Error_Handler
                0x0000000008000a9e        0xa ./Core/Src/main.o
                0x0000000008000a9e                Error_Handler
 .text.HAL_MspInit
                0x0000000008000aa8       0x50 ./Core/Src/stm32f4xx_hal_msp.o
                0x0000000008000aa8                HAL_MspInit
 .text.HAL_I2S_MspInit
                0x0000000008000af8      0x1f4 ./Core/Src/stm32f4xx_hal_msp.o
                0x0000000008000af8                HAL_I2S_MspInit
 .text.NMI_Handler
                0x0000000008000cec        0x6 ./Core/Src/stm32f4xx_it.o
                0x0000000008000cec                NMI_Handler
 .text.HardFault_Handler
                0x0000000008000cf2        0x6 ./Core/Src/stm32f4xx_it.o
                0x0000000008000cf2                HardFault_Handler
 .text.MemManage_Handler
                0x0000000008000cf8        0x6 ./Core/Src/stm32f4xx_it.o
                0x0000000008000cf8                MemManage_Handler
 .text.BusFault_Handler
                0x0000000008000cfe        0x6 ./Core/Src/stm32f4xx_it.o
                0x0000000008000cfe                BusFault_Handler
 .text.UsageFault_Handler
                0x0000000008000d04        0x6 ./Core/Src/stm32f4xx_it.o
                0x0000000008000d04                UsageFault_Handler
 .text.SVC_Handler
                0x0000000008000d0a        0xe ./Core/Src/stm32f4xx_it.o
                0x0000000008000d0a                SVC_Handler
 .text.DebugMon_Handler
                0x0000000008000d18        0xe ./Core/Src/stm32f4xx_it.o
                0x0000000008000d18                DebugMon_Handler
 .text.PendSV_Handler
                0x0000000008000d26        0xe ./Core/Src/stm32f4xx_it.o
                0x0000000008000d26                PendSV_Handler
 .text.SysTick_Handler
                0x0000000008000d34        0xc ./Core/Src/stm32f4xx_it.o
                0x0000000008000d34                SysTick_Handler
 .text.DMA1_Stream3_IRQHandler
                0x0000000008000d40       0x14 ./Core/Src/stm32f4xx_it.o
                0x0000000008000d40                DMA1_Stream3_IRQHandler
 .text.DMA1_Stream4_IRQHandler
                0x0000000008000d54       0x14 ./Core/Src/stm32f4xx_it.o
                0x0000000008000d54                DMA1_Stream4_IRQHandler
 .text.SystemInit
                0x0000000008000d68       0x24 ./Core/Src/system_stm32f4xx.o
                0x0000000008000d68                SystemInit
 .text.Reset_Handler
                0x0000000008000d8c       0x50 ./Core/Startup/startup_stm32f439zitx.o
                0x0000000008000d8c                Reset_Handler
 .text.Default_Handler
                0x0000000008000ddc        0x2 ./Core/Startup/startup_stm32f439zitx.o
                0x0000000008000ddc                SAI1_IRQHandler
                0x0000000008000ddc                HASH_RNG_IRQHandler
                0x0000000008000ddc                EXTI2_IRQHandler
                0x0000000008000ddc                TIM8_CC_IRQHandler
                0x0000000008000ddc                UART8_IRQHandler
                0x0000000008000ddc                SPI4_IRQHandler
                0x0000000008000ddc                TIM1_CC_IRQHandler
                0x0000000008000ddc                DMA2_Stream5_IRQHandler
                0x0000000008000ddc                DMA1_Stream5_IRQHandler
                0x0000000008000ddc                PVD_IRQHandler
                0x0000000008000ddc                SDIO_IRQHandler
                0x0000000008000ddc                TAMP_STAMP_IRQHandler
                0x0000000008000ddc                CAN2_RX1_IRQHandler
                0x0000000008000ddc                EXTI3_IRQHandler
                0x0000000008000ddc                TIM8_TRG_COM_TIM14_IRQHandler
                0x0000000008000ddc                TIM1_UP_TIM10_IRQHandler
                0x0000000008000ddc                TIM8_UP_TIM13_IRQHandler
                0x0000000008000ddc                I2C3_ER_IRQHandler
                0x0000000008000ddc                EXTI0_IRQHandler
                0x0000000008000ddc                I2C2_EV_IRQHandler
                0x0000000008000ddc                DMA1_Stream2_IRQHandler
                0x0000000008000ddc                CAN1_RX0_IRQHandler
                0x0000000008000ddc                FPU_IRQHandler
                0x0000000008000ddc                OTG_HS_WKUP_IRQHandler
                0x0000000008000ddc                LTDC_ER_IRQHandler
                0x0000000008000ddc                CAN2_SCE_IRQHandler
                0x0000000008000ddc                DMA2_Stream2_IRQHandler
                0x0000000008000ddc                SPI1_IRQHandler
                0x0000000008000ddc                TIM6_DAC_IRQHandler
                0x0000000008000ddc                TIM1_BRK_TIM9_IRQHandler
                0x0000000008000ddc                DCMI_IRQHandler
                0x0000000008000ddc                CAN2_RX0_IRQHandler
                0x0000000008000ddc                DMA2_Stream3_IRQHandler
                0x0000000008000ddc                USART6_IRQHandler
                0x0000000008000ddc                USART3_IRQHandler
                0x0000000008000ddc                CRYP_IRQHandler
                0x0000000008000ddc                CAN1_RX1_IRQHandler
                0x0000000008000ddc                UART5_IRQHandler
                0x0000000008000ddc                DMA2_Stream0_IRQHandler
                0x0000000008000ddc                TIM4_IRQHandler
                0x0000000008000ddc                I2C1_EV_IRQHandler
                0x0000000008000ddc                DMA1_Stream6_IRQHandler
                0x0000000008000ddc                DMA1_Stream1_IRQHandler
                0x0000000008000ddc                UART4_IRQHandler
                0x0000000008000ddc                TIM3_IRQHandler
                0x0000000008000ddc                RCC_IRQHandler
                0x0000000008000ddc                TIM8_BRK_TIM12_IRQHandler
                0x0000000008000ddc                Default_Handler
                0x0000000008000ddc                EXTI15_10_IRQHandler
                0x0000000008000ddc                ADC_IRQHandler
                0x0000000008000ddc                DMA1_Stream7_IRQHandler
                0x0000000008000ddc                SPI5_IRQHandler
                0x0000000008000ddc                TIM7_IRQHandler
                0x0000000008000ddc                CAN2_TX_IRQHandler
                0x0000000008000ddc                TIM5_IRQHandler
                0x0000000008000ddc                DMA2_Stream7_IRQHandler
                0x0000000008000ddc                I2C3_EV_IRQHandler
                0x0000000008000ddc                EXTI9_5_IRQHandler
                0x0000000008000ddc                RTC_WKUP_IRQHandler
                0x0000000008000ddc                LTDC_IRQHandler
                0x0000000008000ddc                ETH_WKUP_IRQHandler
                0x0000000008000ddc                SPI2_IRQHandler
                0x0000000008000ddc                OTG_HS_EP1_IN_IRQHandler
                0x0000000008000ddc                DMA1_Stream0_IRQHandler
                0x0000000008000ddc                CAN1_TX_IRQHandler
                0x0000000008000ddc                EXTI4_IRQHandler
                0x0000000008000ddc                ETH_IRQHandler
                0x0000000008000ddc                OTG_HS_EP1_OUT_IRQHandler
                0x0000000008000ddc                WWDG_IRQHandler
                0x0000000008000ddc                SPI6_IRQHandler
                0x0000000008000ddc                TIM2_IRQHandler
                0x0000000008000ddc                OTG_FS_WKUP_IRQHandler
                0x0000000008000ddc                TIM1_TRG_COM_TIM11_IRQHandler
                0x0000000008000ddc                OTG_HS_IRQHandler
                0x0000000008000ddc                DMA2D_IRQHandler
                0x0000000008000ddc                EXTI1_IRQHandler
                0x0000000008000ddc                UART7_IRQHandler
                0x0000000008000ddc                USART2_IRQHandler
                0x0000000008000ddc                I2C2_ER_IRQHandler
                0x0000000008000ddc                DMA2_Stream1_IRQHandler
                0x0000000008000ddc                CAN1_SCE_IRQHandler
                0x0000000008000ddc                FLASH_IRQHandler
                0x0000000008000ddc                DMA2_Stream4_IRQHandler
                0x0000000008000ddc                USART1_IRQHandler
                0x0000000008000ddc                OTG_FS_IRQHandler
                0x0000000008000ddc                SPI3_IRQHandler
                0x0000000008000ddc                I2C1_ER_IRQHandler
                0x0000000008000ddc                FMC_IRQHandler
                0x0000000008000ddc                DMA2_Stream6_IRQHandler
                0x0000000008000ddc                RTC_Alarm_IRQHandler
 *fill*         0x0000000008000dde        0x2 
 .text.HAL_Init
                0x0000000008000de0       0x44 ./Drivers/STM32F4xx_HAL_Driver/Src/stm32f4xx_hal.o
                0x0000000008000de0                HAL_Init
 .text.HAL_InitTick
                0x0000000008000e24       0x60 ./Drivers/STM32F4xx_HAL_Driver/Src/stm32f4xx_hal.o
                0x0000000008000e24                HAL_InitTick
 .text.HAL_IncTick
                0x0000000008000e84       0x28 ./Drivers/STM32F4xx_HAL_Driver/Src/stm32f4xx_hal.o
                0x0000000008000e84                HAL_IncTick
 .text.HAL_GetTick
                0x0000000008000eac       0x18 ./Drivers/STM32F4xx_HAL_Driver/Src/stm32f4xx_hal.o
                0x0000000008000eac                HAL_GetTick
 .text.__NVIC_SetPriorityGrouping
                0x0000000008000ec4       0x48 ./Drivers/STM32F4xx_HAL_Driver/Src/stm32f4xx_hal_cortex.o
 .text.__NVIC_GetPriorityGrouping
                0x0000000008000f0c       0x1c ./Drivers/STM32F4xx_HAL_Driver/Src/stm32f4xx_hal_cortex.o
 .text.__NVIC_EnableIRQ
                0x0000000008000f28       0x3c ./Drivers/STM32F4xx_HAL_Driver/Src/stm32f4xx_hal_cortex.o
 .text.__NVIC_SetPriority
                0x0000000008000f64       0x54 ./Drivers/STM32F4xx_HAL_Driver/Src/stm32f4xx_hal_cortex.o
 .text.NVIC_EncodePriority
                0x0000000008000fb8       0x66 ./Drivers/STM32F4xx_HAL_Driver/Src/stm32f4xx_hal_cortex.o
 *fill*         0x000000000800101e        0x2 
 .text.SysTick_Config
                0x0000000008001020       0x44 ./Drivers/STM32F4xx_HAL_Driver/Src/stm32f4xx_hal_cortex.o
 .text.HAL_NVIC_SetPriorityGrouping
                0x0000000008001064       0x16 ./Drivers/STM32F4xx_HAL_Driver/Src/stm32f4xx_hal_cortex.o
                0x0000000008001064                HAL_NVIC_SetPriorityGrouping
 .text.HAL_NVIC_SetPriority
                0x000000000800107a       0x38 ./Drivers/STM32F4xx_HAL_Driver/Src/stm32f4xx_hal_cortex.o
                0x000000000800107a                HAL_NVIC_SetPriority
 .text.HAL_NVIC_EnableIRQ
                0x00000000080010b2       0x1c ./Drivers/STM32F4xx_HAL_Driver/Src/stm32f4xx_hal_cortex.o
                0x00000000080010b2                HAL_NVIC_EnableIRQ
 .text.HAL_SYSTICK_Config
                0x00000000080010ce       0x18 ./Drivers/STM32F4xx_HAL_Driver/Src/stm32f4xx_hal_cortex.o
                0x00000000080010ce                HAL_SYSTICK_Config
 *fill*         0x00000000080010e6        0x2 
 .text.HAL_DMA_Init
                0x00000000080010e8      0x15c ./Drivers/STM32F4xx_HAL_Driver/Src/stm32f4xx_hal_dma.o
                0x00000000080010e8                HAL_DMA_Init
 .text.HAL_DMA_Start_IT
                0x0000000008001244       0xb0 ./Drivers/STM32F4xx_HAL_Driver/Src/stm32f4xx_hal_dma.o
                0x0000000008001244                HAL_DMA_Start_IT
 .text.HAL_DMA_IRQHandler
                0x00000000080012f4      0x314 ./Drivers/STM32F4xx_HAL_Driver/Src/stm32f4xx_hal_dma.o
                0x00000000080012f4                HAL_DMA_IRQHandler
 .text.DMA_SetConfig
                0x0000000008001608       0x5c ./Drivers/STM32F4xx_HAL_Driver/Src/stm32f4xx_hal_dma.o
 .text.DMA_CalcBaseAndBitshift
                0x0000000008001664       0x6c ./Drivers/STM32F4xx_HAL_Driver/Src/stm32f4xx_hal_dma.o
 .text.DMA_CheckFifoParam
                0x00000000080016d0       0xf8 ./Drivers/STM32F4xx_HAL_Driver/Src/stm32f4xx_hal_dma.o
 .text.HAL_GPIO_Init
                0x00000000080017c8      0x358 ./Drivers/STM32F4xx_HAL_Driver/Src/stm32f4xx_hal_gpio.o
                0x00000000080017c8                HAL_GPIO_Init
 .text.HAL_GPIO_WritePin
                0x0000000008001b20       0x32 ./Drivers/STM32F4xx_HAL_Driver/Src/stm32f4xx_hal_gpio.o
                0x0000000008001b20                HAL_GPIO_WritePin
 *fill*         0x0000000008001b52        0x2 
 .text.HAL_I2S_Init
                0x0000000008001b54      0x280 ./Drivers/STM32F4xx_HAL_Driver/Src/stm32f4xx_hal_i2s.o
                0x0000000008001b54                HAL_I2S_Init
 .text.HAL_I2S_TxCpltCallback
                0x0000000008001dd4       0x14 ./Drivers/STM32F4xx_HAL_Driver/Src/stm32f4xx_hal_i2s.o
                0x0000000008001dd4                HAL_I2S_TxCpltCallback
 .text.HAL_I2S_RxCpltCallback
                0x0000000008001de8       0x14 ./Drivers/STM32F4xx_HAL_Driver/Src/stm32f4xx_hal_i2s.o
                0x0000000008001de8                HAL_I2S_RxCpltCallback
 .text.HAL_I2S_ErrorCallback
                0x0000000008001dfc       0x14 ./Drivers/STM32F4xx_HAL_Driver/Src/stm32f4xx_hal_i2s.o
                0x0000000008001dfc                HAL_I2S_ErrorCallback
 .text.I2S_Transmit_IT
                0x0000000008001e10       0x5c ./Drivers/STM32F4xx_HAL_Driver/Src/stm32f4xx_hal_i2s.o
 .text.I2S_Receive_IT
                0x0000000008001e6c       0x5e ./Drivers/STM32F4xx_HAL_Driver/Src/stm32f4xx_hal_i2s.o
 .text.I2S_IRQHandler
                0x0000000008001eca      0x114 ./Drivers/STM32F4xx_HAL_Driver/Src/stm32f4xx_hal_i2s.o
 *fill*         0x0000000008001fde        0x2 
 .text.HAL_I2SEx_TransmitReceive_DMA
                0x0000000008001fe0      0x314 ./Drivers/STM32F4xx_HAL_Driver/Src/stm32f4xx_hal_i2s_ex.o
                0x0000000008001fe0                HAL_I2SEx_TransmitReceive_DMA
 .text.HAL_I2SEx_FullDuplex_IRQHandler
                0x00000000080022f4      0x2a8 ./Drivers/STM32F4xx_HAL_Driver/Src/stm32f4xx_hal_i2s_ex.o
                0x00000000080022f4                HAL_I2SEx_FullDuplex_IRQHandler
 .text.I2SEx_TxRxDMAHalfCplt
                0x000000000800259c       0x1c ./Drivers/STM32F4xx_HAL_Driver/Src/stm32f4xx_hal_i2s_ex.o
 .text.I2SEx_TxRxDMACplt
                0x00000000080025b8       0xd8 ./Drivers/STM32F4xx_HAL_Driver/Src/stm32f4xx_hal_i2s_ex.o
 .text.I2SEx_TxRxDMAError
                0x0000000008002690       0x80 ./Drivers/STM32F4xx_HAL_Driver/Src/stm32f4xx_hal_i2s_ex.o
 .text.I2SEx_TxISR_I2S
                0x0000000008002710       0x62 ./Drivers/STM32F4xx_HAL_Driver/Src/stm32f4xx_hal_i2s_ex.o
 *fill*         0x0000000008002772        0x2 
 .text.I2SEx_TxISR_I2SExt
                0x0000000008002774       0x98 ./Drivers/STM32F4xx_HAL_Driver/Src/stm32f4xx_hal_i2s_ex.o
 .text.I2SEx_RxISR_I2S
                0x000000000800280c       0x64 ./Drivers/STM32F4xx_HAL_Driver/Src/stm32f4xx_hal_i2s_ex.o
 .text.I2SEx_RxISR_I2SExt
                0x0000000008002870       0x98 ./Drivers/STM32F4xx_HAL_Driver/Src/stm32f4xx_hal_i2s_ex.o
 .text.HAL_RCC_OscConfig
                0x0000000008002908      0x4f0 ./Drivers/STM32F4xx_HAL_Driver/Src/stm32f4xx_hal_rcc.o
                0x0000000008002908                HAL_RCC_OscConfig
 .text.HAL_RCC_ClockConfig
                0x0000000008002df8      0x1cc ./Drivers/STM32F4xx_HAL_Driver/Src/stm32f4xx_hal_rcc.o
                0x0000000008002df8                HAL_RCC_ClockConfig
 .text.HAL_RCC_GetSysClockFreq
                0x0000000008002fc4      0x20c ./Drivers/STM32F4xx_HAL_Driver/Src/stm32f4xx_hal_rcc.o
                0x0000000008002fc4                HAL_RCC_GetSysClockFreq
 .text.HAL_RCCEx_PeriphCLKConfig
                0x00000000080031d0      0x380 ./Drivers/STM32F4xx_HAL_Driver/Src/stm32f4xx_hal_rcc_ex.o
                0x00000000080031d0                HAL_RCCEx_PeriphCLKConfig
 .text.HAL_RCCEx_GetPeriphCLKFreq
                0x0000000008003550       0xbc ./Drivers/STM32F4xx_HAL_Driver/Src/stm32f4xx_hal_rcc_ex.o
                0x0000000008003550                HAL_RCCEx_GetPeriphCLKFreq
 .text.__libc_init_array
                0x000000000800360c       0x48 /Applications/STM32CubeIDE.app/Contents/Eclipse/plugins/com.st.stm32cube.ide.mcu.externaltools.gnu-tools-for-stm32.10.3-2021.10.macos64_1.0.0.202111181127/tools/bin/../lib/gcc/arm-none-eabi/10.3.1/../../../../arm-none-eabi/lib/thumb/v7e-m+fp/hard/libc_nano.a(lib_a-init.o)
                0x000000000800360c                __libc_init_array
 .text.memset   0x0000000008003654       0x10 /Applications/STM32CubeIDE.app/Contents/Eclipse/plugins/com.st.stm32cube.ide.mcu.externaltools.gnu-tools-for-stm32.10.3-2021.10.macos64_1.0.0.202111181127/tools/bin/../lib/gcc/arm-none-eabi/10.3.1/../../../../arm-none-eabi/lib/thumb/v7e-m+fp/hard/libc_nano.a(lib_a-memset.o)
                0x0000000008003654                memset
 *(.glue_7)
 .glue_7        0x0000000008003664        0x0 linker stubs
 *(.glue_7t)
 .glue_7t       0x0000000008003664        0x0 linker stubs
 *(.eh_frame)
 .eh_frame      0x0000000008003664        0x0 /Applications/STM32CubeIDE.app/Contents/Eclipse/plugins/com.st.stm32cube.ide.mcu.externaltools.gnu-tools-for-stm32.10.3-2021.10.macos64_1.0.0.202111181127/tools/bin/../lib/gcc/arm-none-eabi/10.3.1/thumb/v7e-m+fp/hard/crtbegin.o
 *(.init)
 .init          0x0000000008003664        0x4 /Applications/STM32CubeIDE.app/Contents/Eclipse/plugins/com.st.stm32cube.ide.mcu.externaltools.gnu-tools-for-stm32.10.3-2021.10.macos64_1.0.0.202111181127/tools/bin/../lib/gcc/arm-none-eabi/10.3.1/thumb/v7e-m+fp/hard/crti.o
                0x0000000008003664                _init
 .init          0x0000000008003668        0x8 /Applications/STM32CubeIDE.app/Contents/Eclipse/plugins/com.st.stm32cube.ide.mcu.externaltools.gnu-tools-for-stm32.10.3-2021.10.macos64_1.0.0.202111181127/tools/bin/../lib/gcc/arm-none-eabi/10.3.1/thumb/v7e-m+fp/hard/crtn.o
 *(.fini)
 .fini          0x0000000008003670        0x4 /Applications/STM32CubeIDE.app/Contents/Eclipse/plugins/com.st.stm32cube.ide.mcu.externaltools.gnu-tools-for-stm32.10.3-2021.10.macos64_1.0.0.202111181127/tools/bin/../lib/gcc/arm-none-eabi/10.3.1/thumb/v7e-m+fp/hard/crti.o
                0x0000000008003670                _fini
 .fini          0x0000000008003674        0x8 /Applications/STM32CubeIDE.app/Contents/Eclipse/plugins/com.st.stm32cube.ide.mcu.externaltools.gnu-tools-for-stm32.10.3-2021.10.macos64_1.0.0.202111181127/tools/bin/../lib/gcc/arm-none-eabi/10.3.1/thumb/v7e-m+fp/hard/crtn.o
                0x000000000800367c                . = ALIGN (0x4)
                0x000000000800367c                _etext = .

.vfp11_veneer   0x000000000800367c        0x0
 .vfp11_veneer  0x000000000800367c        0x0 linker stubs

.v4_bx          0x000000000800367c        0x0
 .v4_bx         0x000000000800367c        0x0 linker stubs

.iplt           0x000000000800367c        0x0
 .iplt          0x000000000800367c        0x0 /Applications/STM32CubeIDE.app/Contents/Eclipse/plugins/com.st.stm32cube.ide.mcu.externaltools.gnu-tools-for-stm32.10.3-2021.10.macos64_1.0.0.202111181127/tools/bin/../lib/gcc/arm-none-eabi/10.3.1/thumb/v7e-m+fp/hard/crtbegin.o

.rodata         0x000000000800367c       0x44
                0x000000000800367c                . = ALIGN (0x4)
 *(.rodata)
 *(.rodata*)
 .rodata.filter_band
                0x000000000800367c       0x2c ./Core/Src/main.o
                0x000000000800367c                filter_band
 .rodata.AHBPrescTable
                0x00000000080036a8       0x10 ./Core/Src/system_stm32f4xx.o
                0x00000000080036a8                AHBPrescTable
 .rodata.flagBitshiftOffset.0
                0x00000000080036b8        0x8 ./Drivers/STM32F4xx_HAL_Driver/Src/stm32f4xx_hal_dma.o
                0x00000000080036c0                . = ALIGN (0x4)

.ARM.extab      0x00000000080036c0        0x0
                0x00000000080036c0                . = ALIGN (0x4)
 *(.ARM.extab* .gnu.linkonce.armextab.*)
                0x00000000080036c0                . = ALIGN (0x4)

.ARM            0x00000000080036c0        0x8
                0x00000000080036c0                . = ALIGN (0x4)
                0x00000000080036c0                __exidx_start = .
 *(.ARM.exidx*)
 .ARM.exidx     0x00000000080036c0        0x8 /Applications/STM32CubeIDE.app/Contents/Eclipse/plugins/com.st.stm32cube.ide.mcu.externaltools.gnu-tools-for-stm32.10.3-2021.10.macos64_1.0.0.202111181127/tools/bin/../lib/gcc/arm-none-eabi/10.3.1/thumb/v7e-m+fp/hard/libgcc.a(_udivmoddi4.o)
                0x00000000080036c8                __exidx_end = .
                0x00000000080036c8                . = ALIGN (0x4)

.rel.dyn        0x00000000080036c8        0x0
 .rel.iplt      0x00000000080036c8        0x0 /Applications/STM32CubeIDE.app/Contents/Eclipse/plugins/com.st.stm32cube.ide.mcu.externaltools.gnu-tools-for-stm32.10.3-2021.10.macos64_1.0.0.202111181127/tools/bin/../lib/gcc/arm-none-eabi/10.3.1/thumb/v7e-m+fp/hard/crtbegin.o

.preinit_array  0x00000000080036c8        0x0
                0x00000000080036c8                . = ALIGN (0x4)
                0x00000000080036c8                PROVIDE (__preinit_array_start = .)
 *(.preinit_array*)
                0x00000000080036c8                PROVIDE (__preinit_array_end = .)
                0x00000000080036c8                . = ALIGN (0x4)

.init_array     0x00000000080036c8        0x4
                0x00000000080036c8                . = ALIGN (0x4)
                0x00000000080036c8                PROVIDE (__init_array_start = .)
 *(SORT_BY_NAME(.init_array.*))
 *(.init_array*)
 .init_array    0x00000000080036c8        0x4 /Applications/STM32CubeIDE.app/Contents/Eclipse/plugins/com.st.stm32cube.ide.mcu.externaltools.gnu-tools-for-stm32.10.3-2021.10.macos64_1.0.0.202111181127/tools/bin/../lib/gcc/arm-none-eabi/10.3.1/thumb/v7e-m+fp/hard/crtbegin.o
                0x00000000080036cc                PROVIDE (__init_array_end = .)
                0x00000000080036cc                . = ALIGN (0x4)

.fini_array     0x00000000080036cc        0x4
                0x00000000080036cc                . = ALIGN (0x4)
                [!provide]                        PROVIDE (__fini_array_start = .)
 *(SORT_BY_NAME(.fini_array.*))
 *(.fini_array*)
 .fini_array    0x00000000080036cc        0x4 /Applications/STM32CubeIDE.app/Contents/Eclipse/plugins/com.st.stm32cube.ide.mcu.externaltools.gnu-tools-for-stm32.10.3-2021.10.macos64_1.0.0.202111181127/tools/bin/../lib/gcc/arm-none-eabi/10.3.1/thumb/v7e-m+fp/hard/crtbegin.o
                [!provide]                        PROVIDE (__fini_array_end = .)
                0x00000000080036d0                . = ALIGN (0x4)
                0x00000000080036d0                _sidata = LOADADDR (.data)

.data           0x0000000020000000        0xc load address 0x00000000080036d0
                0x0000000020000000                . = ALIGN (0x4)
                0x0000000020000000                _sdata = .
 *(.data)
 *(.data*)
 .data.SystemCoreClock
                0x0000000020000000        0x4 ./Core/Src/system_stm32f4xx.o
                0x0000000020000000                SystemCoreClock
 .data.uwTickPrio
                0x0000000020000004        0x4 ./Drivers/STM32F4xx_HAL_Driver/Src/stm32f4xx_hal.o
                0x0000000020000004                uwTickPrio
 .data.uwTickFreq
                0x0000000020000008        0x1 ./Drivers/STM32F4xx_HAL_Driver/Src/stm32f4xx_hal.o
                0x0000000020000008                uwTickFreq
 *(.RamFunc)
 *(.RamFunc*)
                0x000000002000000c                . = ALIGN (0x4)
 *fill*         0x0000000020000009        0x3 
                0x000000002000000c                _edata = .
                0x00000000080036dc                _siccmram = LOADADDR (.ccmram)

.igot.plt       0x000000002000000c        0x0 load address 0x00000000080036dc
 .igot.plt      0x000000002000000c        0x0 /Applications/STM32CubeIDE.app/Contents/Eclipse/plugins/com.st.stm32cube.ide.mcu.externaltools.gnu-tools-for-stm32.10.3-2021.10.macos64_1.0.0.202111181127/tools/bin/../lib/gcc/arm-none-eabi/10.3.1/thumb/v7e-m+fp/hard/crtbegin.o

.ccmram         0x0000000010000000        0x0 load address 0x00000000080036dc
                0x0000000010000000                . = ALIGN (0x4)
                0x0000000010000000                _sccmram = .
 *(.ccmram)
 *(.ccmram*)
                0x0000000010000000                . = ALIGN (0x4)
                0x0000000010000000                _eccmram = .
                0x0000000010000000                . = ALIGN (0x4)

.bss            0x000000002000000c      0x148
                0x000000002000000c                _sbss = .
                0x000000002000000c                __bss_start__ = _sbss
 *(.bss)
 .bss           0x000000002000000c       0x1c /Applications/STM32CubeIDE.app/Contents/Eclipse/plugins/com.st.stm32cube.ide.mcu.externaltools.gnu-tools-for-stm32.10.3-2021.10.macos64_1.0.0.202111181127/tools/bin/../lib/gcc/arm-none-eabi/10.3.1/thumb/v7e-m+fp/hard/crtbegin.o
 *(.bss*)
 .bss.hi2s2     0x0000000020000028       0x48 ./Core/Src/main.o
                0x0000000020000028                hi2s2
 .bss.hdma_i2s2_ext_rx
                0x0000000020000070       0x60 ./Core/Src/main.o
                0x0000000020000070                hdma_i2s2_ext_rx
 .bss.hdma_spi2_tx
                0x00000000200000d0       0x60 ./Core/Src/main.o
                0x00000000200000d0                hdma_spi2_tx
 .bss.rxBuf     0x0000000020000130       0x10 ./Core/Src/main.o
                0x0000000020000130                rxBuf
 .bss.txBuf     0x0000000020000140       0x10 ./Core/Src/main.o
                0x0000000020000140                txBuf
 .bss.uwTick    0x0000000020000150        0x4 ./Drivers/STM32F4xx_HAL_Driver/Src/stm32f4xx_hal.o
                0x0000000020000150                uwTick
 *(COMMON)
                0x0000000020000154                . = ALIGN (0x4)
                0x0000000020000154                _ebss = .
                0x0000000020000154                __bss_end__ = _ebss

._user_heap_stack
                0x0000000020000154      0x604
                0x0000000020000158                . = ALIGN (0x8)
 *fill*         0x0000000020000154        0x4 
                [!provide]                        PROVIDE (end = .)
                0x0000000020000158                PROVIDE (_end = .)
                0x0000000020000358                . = (. + _Min_Heap_Size)
 *fill*         0x0000000020000158      0x200 
                0x0000000020000758                . = (. + _Min_Stack_Size)
 *fill*         0x0000000020000358      0x400 
                0x0000000020000758                . = ALIGN (0x8)

/DISCARD/
 libc.a(*)
 libm.a(*)
 libgcc.a(*)

.ARM.attributes
                0x0000000000000000       0x30
 *(.ARM.attributes)
 .ARM.attributes
                0x0000000000000000       0x1e /Applications/STM32CubeIDE.app/Contents/Eclipse/plugins/com.st.stm32cube.ide.mcu.externaltools.gnu-tools-for-stm32.10.3-2021.10.macos64_1.0.0.202111181127/tools/bin/../lib/gcc/arm-none-eabi/10.3.1/thumb/v7e-m+fp/hard/crti.o
 .ARM.attributes
                0x000000000000001e       0x34 /Applications/STM32CubeIDE.app/Contents/Eclipse/plugins/com.st.stm32cube.ide.mcu.externaltools.gnu-tools-for-stm32.10.3-2021.10.macos64_1.0.0.202111181127/tools/bin/../lib/gcc/arm-none-eabi/10.3.1/thumb/v7e-m+fp/hard/crtbegin.o
 .ARM.attributes
                0x0000000000000052       0x34 ./Core/Src/main.o
 .ARM.attributes
                0x0000000000000086       0x34 ./Core/Src/stm32f4xx_hal_msp.o
 .ARM.attributes
                0x00000000000000ba       0x34 ./Core/Src/stm32f4xx_it.o
 .ARM.attributes
                0x00000000000000ee       0x34 ./Core/Src/system_stm32f4xx.o
 .ARM.attributes
                0x0000000000000122       0x21 ./Core/Startup/startup_stm32f439zitx.o
 .ARM.attributes
                0x0000000000000143       0x34 ./Drivers/STM32F4xx_HAL_Driver/Src/stm32f4xx_hal.o
 .ARM.attributes
                0x0000000000000177       0x34 ./Drivers/STM32F4xx_HAL_Driver/Src/stm32f4xx_hal_cortex.o
 .ARM.attributes
                0x00000000000001ab       0x34 ./Drivers/STM32F4xx_HAL_Driver/Src/stm32f4xx_hal_dma.o
 .ARM.attributes
                0x00000000000001df       0x34 ./Drivers/STM32F4xx_HAL_Driver/Src/stm32f4xx_hal_gpio.o
 .ARM.attributes
                0x0000000000000213       0x34 ./Drivers/STM32F4xx_HAL_Driver/Src/stm32f4xx_hal_i2s.o
 .ARM.attributes
                0x0000000000000247       0x34 ./Drivers/STM32F4xx_HAL_Driver/Src/stm32f4xx_hal_i2s_ex.o
 .ARM.attributes
                0x000000000000027b       0x34 ./Drivers/STM32F4xx_HAL_Driver/Src/stm32f4xx_hal_rcc.o
 .ARM.attributes
                0x00000000000002af       0x34 ./Drivers/STM32F4xx_HAL_Driver/Src/stm32f4xx_hal_rcc_ex.o
 .ARM.attributes
                0x00000000000002e3       0x34 /Applications/STM32CubeIDE.app/Contents/Eclipse/plugins/com.st.stm32cube.ide.mcu.externaltools.gnu-tools-for-stm32.10.3-2021.10.macos64_1.0.0.202111181127/tools/bin/../lib/gcc/arm-none-eabi/10.3.1/../../../../arm-none-eabi/lib/thumb/v7e-m+fp/hard/libc_nano.a(lib_a-init.o)
 .ARM.attributes
                0x0000000000000317       0x34 /Applications/STM32CubeIDE.app/Contents/Eclipse/plugins/com.st.stm32cube.ide.mcu.externaltools.gnu-tools-for-stm32.10.3-2021.10.macos64_1.0.0.202111181127/tools/bin/../lib/gcc/arm-none-eabi/10.3.1/../../../../arm-none-eabi/lib/thumb/v7e-m+fp/hard/libc_nano.a(lib_a-memset.o)
 .ARM.attributes
                0x000000000000034b       0x1e /Applications/STM32CubeIDE.app/Contents/Eclipse/plugins/com.st.stm32cube.ide.mcu.externaltools.gnu-tools-for-stm32.10.3-2021.10.macos64_1.0.0.202111181127/tools/bin/../lib/gcc/arm-none-eabi/10.3.1/thumb/v7e-m+fp/hard/libgcc.a(_aeabi_uldivmod.o)
 .ARM.attributes
                0x0000000000000369       0x34 /Applications/STM32CubeIDE.app/Contents/Eclipse/plugins/com.st.stm32cube.ide.mcu.externaltools.gnu-tools-for-stm32.10.3-2021.10.macos64_1.0.0.202111181127/tools/bin/../lib/gcc/arm-none-eabi/10.3.1/thumb/v7e-m+fp/hard/libgcc.a(_udivmoddi4.o)
 .ARM.attributes
                0x000000000000039d       0x1e /Applications/STM32CubeIDE.app/Contents/Eclipse/plugins/com.st.stm32cube.ide.mcu.externaltools.gnu-tools-for-stm32.10.3-2021.10.macos64_1.0.0.202111181127/tools/bin/../lib/gcc/arm-none-eabi/10.3.1/thumb/v7e-m+fp/hard/libgcc.a(_dvmd_tls.o)
 .ARM.attributes
                0x00000000000003bb       0x1e /Applications/STM32CubeIDE.app/Contents/Eclipse/plugins/com.st.stm32cube.ide.mcu.externaltools.gnu-tools-for-stm32.10.3-2021.10.macos64_1.0.0.202111181127/tools/bin/../lib/gcc/arm-none-eabi/10.3.1/thumb/v7e-m+fp/hard/crtn.o
OUTPUT(stepped-wah-embedded-poc.elf elf32-littlearm)
LOAD linker stubs
LOAD /Applications/STM32CubeIDE.app/Contents/Eclipse/plugins/com.st.stm32cube.ide.mcu.externaltools.gnu-tools-for-stm32.10.3-2021.10.macos64_1.0.0.202111181127/tools/bin/../lib/gcc/arm-none-eabi/10.3.1/../../../../arm-none-eabi/lib/thumb/v7e-m+fp/hard/libc.a
LOAD /Applications/STM32CubeIDE.app/Contents/Eclipse/plugins/com.st.stm32cube.ide.mcu.externaltools.gnu-tools-for-stm32.10.3-2021.10.macos64_1.0.0.202111181127/tools/bin/../lib/gcc/arm-none-eabi/10.3.1/../../../../arm-none-eabi/lib/thumb/v7e-m+fp/hard/libm.a
LOAD /Applications/STM32CubeIDE.app/Contents/Eclipse/plugins/com.st.stm32cube.ide.mcu.externaltools.gnu-tools-for-stm32.10.3-2021.10.macos64_1.0.0.202111181127/tools/bin/../lib/gcc/arm-none-eabi/10.3.1/thumb/v7e-m+fp/hard/libgcc.a

.debug_info     0x0000000000000000     0x79db
 .debug_info    0x0000000000000000     0x1190 ./Core/Src/main.o
 .debug_info    0x0000000000001190      0xb7e ./Core/Src/stm32f4xx_hal_msp.o
 .debug_info    0x0000000000001d0e      0x40a ./Core/Src/stm32f4xx_it.o
 .debug_info    0x0000000000002118      0x53f ./Core/Src/system_stm32f4xx.o
 .debug_info    0x0000000000002657       0x22 ./Core/Startup/startup_stm32f439zitx.o
 .debug_info    0x0000000000002679      0x9fa ./Drivers/STM32F4xx_HAL_Driver/Src/stm32f4xx_hal.o
 .debug_info    0x0000000000003073      0xe57 ./Drivers/STM32F4xx_HAL_Driver/Src/stm32f4xx_hal_cortex.o
 .debug_info    0x0000000000003eca      0x94f ./Drivers/STM32F4xx_HAL_Driver/Src/stm32f4xx_hal_dma.o
 .debug_info    0x0000000000004819      0x786 ./Drivers/STM32F4xx_HAL_Driver/Src/stm32f4xx_hal_gpio.o
 .debug_info    0x0000000000004f9f      0xeb6 ./Drivers/STM32F4xx_HAL_Driver/Src/stm32f4xx_hal_i2s.o
 .debug_info    0x0000000000005e55      0xb7b ./Drivers/STM32F4xx_HAL_Driver/Src/stm32f4xx_hal_i2s_ex.o
 .debug_info    0x00000000000069d0      0x982 ./Drivers/STM32F4xx_HAL_Driver/Src/stm32f4xx_hal_rcc.o
 .debug_info    0x0000000000007352      0x689 ./Drivers/STM32F4xx_HAL_Driver/Src/stm32f4xx_hal_rcc_ex.o

.debug_abbrev   0x0000000000000000     0x1977
 .debug_abbrev  0x0000000000000000      0x2cc ./Core/Src/main.o
 .debug_abbrev  0x00000000000002cc      0x1d1 ./Core/Src/stm32f4xx_hal_msp.o
 .debug_abbrev  0x000000000000049d      0x15f ./Core/Src/stm32f4xx_it.o
 .debug_abbrev  0x00000000000005fc      0x116 ./Core/Src/system_stm32f4xx.o
 .debug_abbrev  0x0000000000000712       0x12 ./Core/Startup/startup_stm32f439zitx.o
 .debug_abbrev  0x0000000000000724      0x20d ./Drivers/STM32F4xx_HAL_Driver/Src/stm32f4xx_hal.o
 .debug_abbrev  0x0000000000000931      0x316 ./Drivers/STM32F4xx_HAL_Driver/Src/stm32f4xx_hal_cortex.o
 .debug_abbrev  0x0000000000000c47      0x25b ./Drivers/STM32F4xx_HAL_Driver/Src/stm32f4xx_hal_dma.o
 .debug_abbrev  0x0000000000000ea2      0x1c4 ./Drivers/STM32F4xx_HAL_Driver/Src/stm32f4xx_hal_gpio.o
 .debug_abbrev  0x0000000000001066      0x247 ./Drivers/STM32F4xx_HAL_Driver/Src/stm32f4xx_hal_i2s.o
 .debug_abbrev  0x00000000000012ad      0x278 ./Drivers/STM32F4xx_HAL_Driver/Src/stm32f4xx_hal_i2s_ex.o
 .debug_abbrev  0x0000000000001525      0x2aa ./Drivers/STM32F4xx_HAL_Driver/Src/stm32f4xx_hal_rcc.o
 .debug_abbrev  0x00000000000017cf      0x1a8 ./Drivers/STM32F4xx_HAL_Driver/Src/stm32f4xx_hal_rcc_ex.o

.debug_aranges  0x0000000000000000      0x6c0
 .debug_aranges
                0x0000000000000000       0x60 ./Core/Src/main.o
 .debug_aranges
                0x0000000000000060       0x30 ./Core/Src/stm32f4xx_hal_msp.o
 .debug_aranges
                0x0000000000000090       0x70 ./Core/Src/stm32f4xx_it.o
 .debug_aranges
                0x0000000000000100       0x28 ./Core/Src/system_stm32f4xx.o
 .debug_aranges
                0x0000000000000128       0x28 ./Core/Startup/startup_stm32f439zitx.o
 .debug_aranges
                0x0000000000000150      0x100 ./Drivers/STM32F4xx_HAL_Driver/Src/stm32f4xx_hal.o
 .debug_aranges
                0x0000000000000250      0x118 ./Drivers/STM32F4xx_HAL_Driver/Src/stm32f4xx_hal_cortex.o
 .debug_aranges
                0x0000000000000368       0x90 ./Drivers/STM32F4xx_HAL_Driver/Src/stm32f4xx_hal_dma.o
 .debug_aranges
                0x00000000000003f8       0x58 ./Drivers/STM32F4xx_HAL_Driver/Src/stm32f4xx_hal_gpio.o
 .debug_aranges
                0x0000000000000450      0x108 ./Drivers/STM32F4xx_HAL_Driver/Src/stm32f4xx_hal_i2s.o
 .debug_aranges
                0x0000000000000558       0x88 ./Drivers/STM32F4xx_HAL_Driver/Src/stm32f4xx_hal_i2s_ex.o
 .debug_aranges
                0x00000000000005e0       0x88 ./Drivers/STM32F4xx_HAL_Driver/Src/stm32f4xx_hal_rcc.o
 .debug_aranges
                0x0000000000000668       0x58 ./Drivers/STM32F4xx_HAL_Driver/Src/stm32f4xx_hal_rcc_ex.o

.debug_ranges   0x0000000000000000      0x5f8
 .debug_ranges  0x0000000000000000       0x50 ./Core/Src/main.o
 .debug_ranges  0x0000000000000050       0x20 ./Core/Src/stm32f4xx_hal_msp.o
 .debug_ranges  0x0000000000000070       0x60 ./Core/Src/stm32f4xx_it.o
 .debug_ranges  0x00000000000000d0       0x18 ./Core/Src/system_stm32f4xx.o
 .debug_ranges  0x00000000000000e8       0x20 ./Core/Startup/startup_stm32f439zitx.o
 .debug_ranges  0x0000000000000108       0xf0 ./Drivers/STM32F4xx_HAL_Driver/Src/stm32f4xx_hal.o
 .debug_ranges  0x00000000000001f8      0x108 ./Drivers/STM32F4xx_HAL_Driver/Src/stm32f4xx_hal_cortex.o
 .debug_ranges  0x0000000000000300       0x80 ./Drivers/STM32F4xx_HAL_Driver/Src/stm32f4xx_hal_dma.o
 .debug_ranges  0x0000000000000380       0x48 ./Drivers/STM32F4xx_HAL_Driver/Src/stm32f4xx_hal_gpio.o
 .debug_ranges  0x00000000000003c8       0xf8 ./Drivers/STM32F4xx_HAL_Driver/Src/stm32f4xx_hal_i2s.o
 .debug_ranges  0x00000000000004c0       0x78 ./Drivers/STM32F4xx_HAL_Driver/Src/stm32f4xx_hal_i2s_ex.o
 .debug_ranges  0x0000000000000538       0x78 ./Drivers/STM32F4xx_HAL_Driver/Src/stm32f4xx_hal_rcc.o
 .debug_ranges  0x00000000000005b0       0x48 ./Drivers/STM32F4xx_HAL_Driver/Src/stm32f4xx_hal_rcc_ex.o

.debug_macro    0x0000000000000000    0x21c76
 .debug_macro   0x0000000000000000      0x1de ./Core/Src/main.o
 .debug_macro   0x00000000000001de      0x295 ./Core/Src/main.o
 .debug_macro   0x0000000000000473       0x2e ./Core/Src/main.o
 .debug_macro   0x00000000000004a1       0x28 ./Core/Src/main.o
 .debug_macro   0x00000000000004c9       0x22 ./Core/Src/main.o
 .debug_macro   0x00000000000004eb       0x8e ./Core/Src/main.o
 .debug_macro   0x0000000000000579       0x51 ./Core/Src/main.o
 .debug_macro   0x00000000000005ca      0x103 ./Core/Src/main.o
 .debug_macro   0x00000000000006cd       0x6a ./Core/Src/main.o
 .debug_macro   0x0000000000000737      0x1df ./Core/Src/main.o
 .debug_macro   0x0000000000000916       0x1c ./Core/Src/main.o
 .debug_macro   0x0000000000000932       0x22 ./Core/Src/main.o
 .debug_macro   0x0000000000000954       0xd9 ./Core/Src/main.o
 .debug_macro   0x0000000000000a2d     0x102d ./Core/Src/main.o
 .debug_macro   0x0000000000001a5a      0x11f ./Core/Src/main.o
 .debug_macro   0x0000000000001b79    0x1860a ./Core/Src/main.o
 .debug_macro   0x000000000001a183       0x6d ./Core/Src/main.o
 .debug_macro   0x000000000001a1f0     0x36f5 ./Core/Src/main.o
 .debug_macro   0x000000000001d8e5      0x174 ./Core/Src/main.o
 .debug_macro   0x000000000001da59       0x5c ./Core/Src/main.o
 .debug_macro   0x000000000001dab5      0xd15 ./Core/Src/main.o
 .debug_macro   0x000000000001e7ca      0x9fe ./Core/Src/main.o
 .debug_macro   0x000000000001f1c8      0x115 ./Core/Src/main.o
 .debug_macro   0x000000000001f2dd      0x156 ./Core/Src/main.o
 .debug_macro   0x000000000001f433       0xa5 ./Core/Src/main.o
 .debug_macro   0x000000000001f4d8      0x182 ./Core/Src/main.o
 .debug_macro   0x000000000001f65a      0x287 ./Core/Src/main.o
 .debug_macro   0x000000000001f8e1       0x5f ./Core/Src/main.o
 .debug_macro   0x000000000001f940      0x236 ./Core/Src/main.o
 .debug_macro   0x000000000001fb76      0x132 ./Core/Src/main.o
 .debug_macro   0x000000000001fca8      0x41d ./Core/Src/main.o
 .debug_macro   0x00000000000200c5       0x2e ./Core/Src/main.o
 .debug_macro   0x00000000000200f3      0x1a7 ./Core/Src/main.o
 .debug_macro   0x000000000002029a       0x46 ./Core/Src/main.o
 .debug_macro   0x00000000000202e0       0x4a ./Core/Src/main.o
 .debug_macro   0x000000000002032a      0x11a ./Core/Src/main.o
 .debug_macro   0x0000000000020444       0xe2 ./Core/Src/main.o
 .debug_macro   0x0000000000020526       0x89 ./Core/Src/main.o
 .debug_macro   0x00000000000205af      0x134 ./Core/Src/main.o
 .debug_macro   0x00000000000206e3      0x130 ./Core/Src/main.o
 .debug_macro   0x0000000000020813      0x1d8 ./Core/Src/stm32f4xx_hal_msp.o
 .debug_macro   0x00000000000209eb      0x1e2 ./Core/Src/stm32f4xx_it.o
 .debug_macro   0x0000000000020bcd      0x1c9 ./Core/Src/system_stm32f4xx.o
 .debug_macro   0x0000000000020d96      0x229 ./Drivers/STM32F4xx_HAL_Driver/Src/stm32f4xx_hal.o
 .debug_macro   0x0000000000020fbf      0x1c9 ./Drivers/STM32F4xx_HAL_Driver/Src/stm32f4xx_hal_cortex.o
 .debug_macro   0x0000000000021188      0x1cf ./Drivers/STM32F4xx_HAL_Driver/Src/stm32f4xx_hal_dma.o
 .debug_macro   0x0000000000021357      0x1cf ./Drivers/STM32F4xx_HAL_Driver/Src/stm32f4xx_hal_gpio.o
 .debug_macro   0x0000000000021526      0x1d1 ./Drivers/STM32F4xx_HAL_Driver/Src/stm32f4xx_hal_i2s.o
 .debug_macro   0x00000000000216f7      0x1c9 ./Drivers/STM32F4xx_HAL_Driver/Src/stm32f4xx_hal_i2s_ex.o
 .debug_macro   0x00000000000218c0      0x1ed ./Drivers/STM32F4xx_HAL_Driver/Src/stm32f4xx_hal_rcc.o
 .debug_macro   0x0000000000021aad      0x1c9 ./Drivers/STM32F4xx_HAL_Driver/Src/stm32f4xx_hal_rcc_ex.o

.debug_line     0x0000000000000000     0x918b
 .debug_line    0x0000000000000000      0x931 ./Core/Src/main.o
 .debug_line    0x0000000000000931      0x7a4 ./Core/Src/stm32f4xx_hal_msp.o
 .debug_line    0x00000000000010d5      0x7c2 ./Core/Src/stm32f4xx_it.o
 .debug_line    0x0000000000001897      0x751 ./Core/Src/system_stm32f4xx.o
 .debug_line    0x0000000000001fe8       0x88 ./Core/Startup/startup_stm32f439zitx.o
 .debug_line    0x0000000000002070      0x9ed ./Drivers/STM32F4xx_HAL_Driver/Src/stm32f4xx_hal.o
 .debug_line    0x0000000000002a5d      0xc66 ./Drivers/STM32F4xx_HAL_Driver/Src/stm32f4xx_hal_cortex.o
 .debug_line    0x00000000000036c3      0xf1b ./Drivers/STM32F4xx_HAL_Driver/Src/stm32f4xx_hal_dma.o
 .debug_line    0x00000000000045de      0xb53 ./Drivers/STM32F4xx_HAL_Driver/Src/stm32f4xx_hal_gpio.o
 .debug_line    0x0000000000005131     0x1350 ./Drivers/STM32F4xx_HAL_Driver/Src/stm32f4xx_hal_i2s.o
 .debug_line    0x0000000000006481     0x144f ./Drivers/STM32F4xx_HAL_Driver/Src/stm32f4xx_hal_i2s_ex.o
 .debug_line    0x00000000000078d0      0xd33 ./Drivers/STM32F4xx_HAL_Driver/Src/stm32f4xx_hal_rcc.o
 .debug_line    0x0000000000008603      0xb88 ./Drivers/STM32F4xx_HAL_Driver/Src/stm32f4xx_hal_rcc_ex.o

.debug_str      0x0000000000000000    0xcfbaa
 .debug_str     0x0000000000000000    0xce2ee ./Core/Src/main.o
                                      0xce5c6 (size before relaxing)
 .debug_str     0x00000000000ce2ee      0x16e ./Core/Src/stm32f4xx_hal_msp.o
                                      0xcdee2 (size before relaxing)
 .debug_str     0x00000000000ce45c      0x10c ./Core/Src/stm32f4xx_it.o
                                      0xcdaa1 (size before relaxing)
 .debug_str     0x00000000000ce568       0xdb ./Core/Src/system_stm32f4xx.o
                                      0xcd45c (size before relaxing)
 .debug_str     0x00000000000ce643       0x36 ./Core/Startup/startup_stm32f439zitx.o
                                         0x79 (size before relaxing)
 .debug_str     0x00000000000ce679      0x652 ./Drivers/STM32F4xx_HAL_Driver/Src/stm32f4xx_hal.o
                                      0xce089 (size before relaxing)
 .debug_str     0x00000000000ceccb      0x341 ./Drivers/STM32F4xx_HAL_Driver/Src/stm32f4xx_hal_cortex.o
                                      0xcdd6e (size before relaxing)
 .debug_str     0x00000000000cf00c      0x2f9 ./Drivers/STM32F4xx_HAL_Driver/Src/stm32f4xx_hal_dma.o
                                      0xcd863 (size before relaxing)
 .debug_str     0x00000000000cf305      0x121 ./Drivers/STM32F4xx_HAL_Driver/Src/stm32f4xx_hal_gpio.o
                                      0xcd5d7 (size before relaxing)
 .debug_str     0x00000000000cf426      0x2c0 ./Drivers/STM32F4xx_HAL_Driver/Src/stm32f4xx_hal_i2s.o
                                      0xcda3a (size before relaxing)
 .debug_str     0x00000000000cf6e6      0x184 ./Drivers/STM32F4xx_HAL_Driver/Src/stm32f4xx_hal_i2s_ex.o
                                      0xcd945 (size before relaxing)
 .debug_str     0x00000000000cf86a      0x228 ./Drivers/STM32F4xx_HAL_Driver/Src/stm32f4xx_hal_rcc.o
                                      0xcd890 (size before relaxing)
 .debug_str     0x00000000000cfa92      0x118 ./Drivers/STM32F4xx_HAL_Driver/Src/stm32f4xx_hal_rcc_ex.o
                                      0xcd657 (size before relaxing)

.comment        0x0000000000000000       0x50
 .comment       0x0000000000000000       0x50 ./Core/Src/main.o
                                         0x51 (size before relaxing)
 .comment       0x0000000000000050       0x51 ./Core/Src/stm32f4xx_hal_msp.o
 .comment       0x0000000000000050       0x51 ./Core/Src/stm32f4xx_it.o
 .comment       0x0000000000000050       0x51 ./Core/Src/system_stm32f4xx.o
 .comment       0x0000000000000050       0x51 ./Drivers/STM32F4xx_HAL_Driver/Src/stm32f4xx_hal.o
 .comment       0x0000000000000050       0x51 ./Drivers/STM32F4xx_HAL_Driver/Src/stm32f4xx_hal_cortex.o
 .comment       0x0000000000000050       0x51 ./Drivers/STM32F4xx_HAL_Driver/Src/stm32f4xx_hal_dma.o
 .comment       0x0000000000000050       0x51 ./Drivers/STM32F4xx_HAL_Driver/Src/stm32f4xx_hal_gpio.o
 .comment       0x0000000000000050       0x51 ./Drivers/STM32F4xx_HAL_Driver/Src/stm32f4xx_hal_i2s.o
 .comment       0x0000000000000050       0x51 ./Drivers/STM32F4xx_HAL_Driver/Src/stm32f4xx_hal_i2s_ex.o
 .comment       0x0000000000000050       0x51 ./Drivers/STM32F4xx_HAL_Driver/Src/stm32f4xx_hal_rcc.o
 .comment       0x0000000000000050       0x51 ./Drivers/STM32F4xx_HAL_Driver/Src/stm32f4xx_hal_rcc_ex.o

.debug_frame    0x0000000000000000     0x19d0
 .debug_frame   0x0000000000000000      0x154 ./Core/Src/main.o
 .debug_frame   0x0000000000000154       0x80 ./Core/Src/stm32f4xx_hal_msp.o
 .debug_frame   0x00000000000001d4      0x13c ./Core/Src/stm32f4xx_it.o
 .debug_frame   0x0000000000000310       0x58 ./Core/Src/system_stm32f4xx.o
 .debug_frame   0x0000000000000368      0x3b4 ./Drivers/STM32F4xx_HAL_Driver/Src/stm32f4xx_hal.o
 .debug_frame   0x000000000000071c      0x498 ./Drivers/STM32F4xx_HAL_Driver/Src/stm32f4xx_hal_cortex.o
 .debug_frame   0x0000000000000bb4      0x250 ./Drivers/STM32F4xx_HAL_Driver/Src/stm32f4xx_hal_dma.o
 .debug_frame   0x0000000000000e04      0x14c ./Drivers/STM32F4xx_HAL_Driver/Src/stm32f4xx_hal_gpio.o
 .debug_frame   0x0000000000000f50      0x484 ./Drivers/STM32F4xx_HAL_Driver/Src/stm32f4xx_hal_i2s.o
 .debug_frame   0x00000000000013d4      0x220 ./Drivers/STM32F4xx_HAL_Driver/Src/stm32f4xx_hal_i2s_ex.o
 .debug_frame   0x00000000000015f4      0x1f4 ./Drivers/STM32F4xx_HAL_Driver/Src/stm32f4xx_hal_rcc.o
 .debug_frame   0x00000000000017e8      0x13c ./Drivers/STM32F4xx_HAL_Driver/Src/stm32f4xx_hal_rcc_ex.o
 .debug_frame   0x0000000000001924       0x2c /Applications/STM32CubeIDE.app/Contents/Eclipse/plugins/com.st.stm32cube.ide.mcu.externaltools.gnu-tools-for-stm32.10.3-2021.10.macos64_1.0.0.202111181127/tools/bin/../lib/gcc/arm-none-eabi/10.3.1/../../../../arm-none-eabi/lib/thumb/v7e-m+fp/hard/libc_nano.a(lib_a-init.o)
 .debug_frame   0x0000000000001950       0x20 /Applications/STM32CubeIDE.app/Contents/Eclipse/plugins/com.st.stm32cube.ide.mcu.externaltools.gnu-tools-for-stm32.10.3-2021.10.macos64_1.0.0.202111181127/tools/bin/../lib/gcc/arm-none-eabi/10.3.1/../../../../arm-none-eabi/lib/thumb/v7e-m+fp/hard/libc_nano.a(lib_a-memset.o)
 .debug_frame   0x0000000000001970       0x2c /Applications/STM32CubeIDE.app/Contents/Eclipse/plugins/com.st.stm32cube.ide.mcu.externaltools.gnu-tools-for-stm32.10.3-2021.10.macos64_1.0.0.202111181127/tools/bin/../lib/gcc/arm-none-eabi/10.3.1/thumb/v7e-m+fp/hard/libgcc.a(_aeabi_uldivmod.o)
 .debug_frame   0x000000000000199c       0x34 /Applications/STM32CubeIDE.app/Contents/Eclipse/plugins/com.st.stm32cube.ide.mcu.externaltools.gnu-tools-for-stm32.10.3-2021.10.macos64_1.0.0.202111181127/tools/bin/../lib/gcc/arm-none-eabi/10.3.1/thumb/v7e-m+fp/hard/libgcc.a(_udivmoddi4.o)
